minecraft:allay, CREATURE
minecraft:axolotl, AXOLOTLS
minecraft:bat, AMBIENT
minecraft:bee, CREATURE
minecraft:blaze, MONSTER
minecraft:camel, CREATURE
minecraft:cat, CREATURE
minecraft:cave_spider, MONSTER
minecraft:chicken, CREATURE
minecraft:cod, WATER_AMBIENT
minecraft:cow, CREATURE
minecraft:creeper, MONSTER
minecraft:dolphin, WATER_CREATURE
minecraft:donkey, CREATURE
minecraft:drowned, MONSTER
minecraft:elder_guardian, MONSTER
minecraft:ender_dragon, MONSTER
minecraft:enderman, MONSTER
minecraft:endermite, MONSTER
minecraft:evoker, MONSTER
minecraft:fox, CREATURE
minecraft:frog, CREATURE
minecraft:ghast, MONSTER
minecraft:giant, MONSTER
minecraft:glow_squid, UNDERGROUND_WATER_CREATURE
minecraft:goat, CREATURE
minecraft:guardian, MONSTER
minecraft:hoglin, MONSTER
minecraft:horse, CREATURE
minecraft:husk, MONSTER
minecraft:illusioner, MONSTER
minecraft:llama, CREATURE
minecraft:magma_cube, MONSTER
minecraft:mooshroom, CREATURE
minecraft:mule, CREATURE
minecraft:ocelot, CREATURE
minecraft:panda, CREATURE
minecraft:parrot, CREATURE
minecraft:phantom, MONSTER
minecraft:pig, CREATURE
minecraft:piglin, MONSTER
minecraft:piglin_brute, MONSTER
minecraft:pillager, MONSTER
minecraft:polar_bear, CREATURE
minecraft:pufferfish, WATER_AMBIENT
minecraft:rabbit, CREATURE
minecraft:ravager, MONSTER
minecraft:salmon, WATER_AMBIENT
minecraft:sheep, CREATURE
minecraft:shulker, MONSTER
minecraft:silverfish, MONSTER
minecraft:skeleton, MONSTER
minecraft:skeleton_horse, CREATURE
minecraft:slime, MONSTER
minecraft:sniffer, CREATURE
minecraft:spider, MONSTER
minecraft:squid, WATER_CREATURE
minecraft:stray, MONSTER
minecraft:strider, CREATURE
minecraft:tadpole, CREATURE
minecraft:trader_llama, CREATURE
minecraft:tropical_fish, WATER_AMBIENT
minecraft:turtle, CREATURE
minecraft:vex, MONSTER
minecraft:vindicator, MONSTER
minecraft:wandering_trader, CREATURE
minecraft:warden, MONSTER
minecraft:witch, MONSTER
minecraft:wither, MONSTER
minecraft:wither_skeleton, MONSTER
minecraft:wolf, CREATURE
minecraft:zoglin, MONSTER
minecraft:zombie, MONSTER
minecraft:zombie_horse, CREATURE
minecraft:zombie_villager, MONSTER
minecraft:zombified_piglin, MONSTER
dayzombierebooted:spawner, AMBIENT
eyesinthedarkness:eyes, EITD_EYES
goblintraders:goblin_trader, CREATURE
goblintraders:vein_goblin_trader, CREATURE
mutantmonsters:mutant_creeper, MONSTER
mutantmonsters:mutant_enderman, MONSTER
mutantmonsters:mutant_skeleton, MONSTER
mutantmonsters:mutant_zombie, MONSTER
mutantmonsters:spider_pig, CREATURE
mutantmonsters:endersoul_clone, MONSTER
ars_nouveau:starbuncle, CREATURE
ars_nouveau:whirlisprig, CREATURE
ars_nouveau:wilden_hunter, MONSTER
ars_nouveau:summon_wolf, CREATURE
ars_nouveau:wilden_stalker, MONSTER
ars_nouveau:summon_horse, CREATURE
ars_nouveau:summon_skeleton, CREATURE
ars_nouveau:wilden_guardian, MONSTER
ars_nouveau:wilden_boss, MONSTER
ars_nouveau:drygmy, CREATURE
ars_nouveau:familiar_starbuncle, CREATURE
ars_nouveau:familiar_wixie, CREATURE
ars_nouveau:familiar_bookwyrm, CREATURE
ars_nouveau:familiar_drygmy, CREATURE
ars_nouveau:familiar_whirlisprig, CREATURE
ars_nouveau:familiar_amethyst_golem, CREATURE
ars_nouveau:cascading_weald_walker, CREATURE
ars_nouveau:flourishing_weald_walker, CREATURE
ars_nouveau:blazing_weald_walker, CREATURE
ars_nouveau:vexing_weald_walker, CREATURE
ars_nouveau:amethyst_golem, CREATURE
ars_nouveau:gift_starby, CREATURE
ecologics:coconut_crab, CREATURE
ecologics:penguin, CREATURE
ecologics:squirrel, CREATURE
minecraft:allay, CREATURE
minecraft:axolotl, AXOLOTLS
minecraft:bat, AMBIENT
minecraft:bee, CREATURE
minecraft:blaze, MONSTER
minecraft:camel, CREATURE
minecraft:cat, CREATURE
minecraft:cave_spider, MONSTER
minecraft:chicken, CREATURE
minecraft:cod, WATER_AMBIENT
minecraft:cow, CREATURE
minecraft:creeper, MONSTER
minecraft:dolphin, WATER_CREATURE
minecraft:donkey, CREATURE
minecraft:drowned, MONSTER
minecraft:elder_guardian, MONSTER
minecraft:ender_dragon, MONSTER
minecraft:enderman, MONSTER
minecraft:endermite, MONSTER
minecraft:evoker, MONSTER
minecraft:fox, CREATURE
minecraft:frog, CREATURE
minecraft:ghast, MONSTER
minecraft:giant, MONSTER
minecraft:glow_squid, UNDERGROUND_WATER_CREATURE
minecraft:goat, CREATURE
minecraft:guardian, MONSTER
minecraft:hoglin, MONSTER
minecraft:horse, CREATURE
minecraft:husk, MONSTER
minecraft:illusioner, MONSTER
minecraft:llama, CREATURE
minecraft:magma_cube, MONSTER
minecraft:mooshroom, CREATURE
minecraft:mule, CREATURE
minecraft:ocelot, CREATURE
minecraft:panda, CREATURE
minecraft:parrot, CREATURE
minecraft:phantom, MONSTER
minecraft:pig, CREATURE
minecraft:piglin, MONSTER
minecraft:piglin_brute, MONSTER
minecraft:pillager, MONSTER
minecraft:polar_bear, CREATURE
minecraft:pufferfish, WATER_AMBIENT
minecraft:rabbit, CREATURE
minecraft:ravager, MONSTER
minecraft:salmon, WATER_AMBIENT
minecraft:sheep, CREATURE
minecraft:shulker, MONSTER
minecraft:silverfish, MONSTER
minecraft:skeleton, MONSTER
minecraft:skeleton_horse, CREATURE
minecraft:slime, MONSTER
minecraft:sniffer, CREATURE
minecraft:spider, MONSTER
minecraft:squid, WATER_CREATURE
minecraft:stray, MONSTER
minecraft:strider, CREATURE
minecraft:tadpole, CREATURE
minecraft:trader_llama, CREATURE
minecraft:tropical_fish, WATER_AMBIENT
minecraft:turtle, CREATURE
minecraft:vex, MONSTER
minecraft:vindicator, MONSTER
minecraft:wandering_trader, CREATURE
minecraft:warden, MONSTER
minecraft:witch, MONSTER
minecraft:wither, MONSTER
minecraft:wither_skeleton, MONSTER
minecraft:wolf, CREATURE
minecraft:zoglin, MONSTER
minecraft:zombie, MONSTER
minecraft:zombie_horse, CREATURE
minecraft:zombie_villager, MONSTER
minecraft:zombified_piglin, MONSTER
dayzombierebooted:spawner, AMBIENT
eyesinthedarkness:eyes, EITD_EYES
goblintraders:goblin_trader, CREATURE
goblintraders:vein_goblin_trader, CREATURE
mutantmonsters:mutant_creeper, MONSTER
mutantmonsters:mutant_enderman, MONSTER
mutantmonsters:mutant_skeleton, MONSTER
mutantmonsters:mutant_zombie, MONSTER
mutantmonsters:spider_pig, CREATURE
mutantmonsters:endersoul_clone, MONSTER
ars_nouveau:starbuncle, CREATURE
ars_nouveau:whirlisprig, CREATURE
ars_nouveau:wilden_hunter, MONSTER
ars_nouveau:summon_wolf, CREATURE
ars_nouveau:wilden_stalker, MONSTER
ars_nouveau:summon_horse, CREATURE
ars_nouveau:summon_skeleton, CREATURE
ars_nouveau:wilden_guardian, MONSTER
ars_nouveau:wilden_boss, MONSTER
ars_nouveau:drygmy, CREATURE
ars_nouveau:familiar_starbuncle, CREATURE
ars_nouveau:familiar_wixie, CREATURE
ars_nouveau:familiar_bookwyrm, CREATURE
ars_nouveau:familiar_drygmy, CREATURE
ars_nouveau:familiar_whirlisprig, CREATURE
ars_nouveau:familiar_amethyst_golem, CREATURE
ars_nouveau:cascading_weald_walker, CREATURE
ars_nouveau:flourishing_weald_walker, CREATURE
ars_nouveau:blazing_weald_walker, CREATURE
ars_nouveau:vexing_weald_walker, CREATURE
ars_nouveau:amethyst_golem, CREATURE
ars_nouveau:gift_starby, CREATURE
ecologics:coconut_crab, CREATURE
ecologics:penguin, CREATURE
ecologics:squirrel, CREATURE
minecraft:allay, CREATURE
minecraft:axolotl, AXOLOTLS
minecraft:bat, AMBIENT
minecraft:bee, CREATURE
minecraft:blaze, MONSTER
minecraft:camel, CREATURE
minecraft:cat, CREATURE
minecraft:cave_spider, MONSTER
minecraft:chicken, CREATURE
minecraft:cod, WATER_AMBIENT
minecraft:cow, CREATURE
minecraft:creeper, MONSTER
minecraft:dolphin, WATER_CREATURE
minecraft:donkey, CREATURE
minecraft:drowned, MONSTER
minecraft:elder_guardian, MONSTER
minecraft:ender_dragon, MONSTER
minecraft:enderman, MONSTER
minecraft:endermite, MONSTER
minecraft:evoker, MONSTER
minecraft:fox, CREATURE
minecraft:frog, CREATURE
minecraft:ghast, MONSTER
minecraft:giant, MONSTER
minecraft:glow_squid, UNDERGROUND_WATER_CREATURE
minecraft:goat, CREATURE
minecraft:guardian, MONSTER
minecraft:hoglin, MONSTER
minecraft:horse, CREATURE
minecraft:husk, MONSTER
minecraft:illusioner, MONSTER
minecraft:llama, CREATURE
minecraft:magma_cube, MONSTER
minecraft:mooshroom, CREATURE
minecraft:mule, CREATURE
minecraft:ocelot, CREATURE
minecraft:panda, CREATURE
minecraft:parrot, CREATURE
minecraft:phantom, MONSTER
minecraft:pig, CREATURE
minecraft:piglin, MONSTER
minecraft:piglin_brute, MONSTER
minecraft:pillager, MONSTER
minecraft:polar_bear, CREATURE
minecraft:pufferfish, WATER_AMBIENT
minecraft:rabbit, CREATURE
minecraft:ravager, MONSTER
minecraft:salmon, WATER_AMBIENT
minecraft:sheep, CREATURE
minecraft:shulker, MONSTER
minecraft:silverfish, MONSTER
minecraft:skeleton, MONSTER
minecraft:skeleton_horse, CREATURE
minecraft:slime, MONSTER
minecraft:sniffer, CREATURE
minecraft:spider, MONSTER
minecraft:squid, WATER_CREATURE
minecraft:stray, MONSTER
minecraft:strider, CREATURE
minecraft:tadpole, CREATURE
minecraft:trader_llama, CREATURE
minecraft:tropical_fish, WATER_AMBIENT
minecraft:turtle, CREATURE
minecraft:vex, MONSTER
minecraft:vindicator, MONSTER
minecraft:wandering_trader, CREATURE
minecraft:warden, MONSTER
minecraft:witch, MONSTER
minecraft:wither, MONSTER
minecraft:wither_skeleton, MONSTER
minecraft:wolf, CREATURE
minecraft:zoglin, MONSTER
minecraft:zombie, MONSTER
minecraft:zombie_horse, CREATURE
minecraft:zombie_villager, MONSTER
minecraft:zombified_piglin, MONSTER
dayzombierebooted:spawner, AMBIENT
eyesinthedarkness:eyes, EITD_EYES
goblintraders:goblin_trader, CREATURE
goblintraders:vein_goblin_trader, CREATURE
mutantmonsters:mutant_creeper, MONSTER
mutantmonsters:mutant_enderman, MONSTER
mutantmonsters:mutant_skeleton, MONSTER
mutantmonsters:mutant_zombie, MONSTER
mutantmonsters:spider_pig, CREATURE
mutantmonsters:endersoul_clone, MONSTER
ars_nouveau:starbuncle, CREATURE
ars_nouveau:whirlisprig, CREATURE
ars_nouveau:wilden_hunter, MONSTER
ars_nouveau:summon_wolf, CREATURE
ars_nouveau:wilden_stalker, MONSTER
ars_nouveau:summon_horse, CREATURE
ars_nouveau:summon_skeleton, CREATURE
ars_nouveau:wilden_guardian, MONSTER
ars_nouveau:wilden_boss, MONSTER
ars_nouveau:drygmy, CREATURE
ars_nouveau:familiar_starbuncle, CREATURE
ars_nouveau:familiar_wixie, CREATURE
ars_nouveau:familiar_bookwyrm, CREATURE
ars_nouveau:familiar_drygmy, CREATURE
ars_nouveau:familiar_whirlisprig, CREATURE
ars_nouveau:familiar_amethyst_golem, CREATURE
ars_nouveau:cascading_weald_walker, CREATURE
ars_nouveau:flourishing_weald_walker, CREATURE
ars_nouveau:blazing_weald_walker, CREATURE
ars_nouveau:vexing_weald_walker, CREATURE
ars_nouveau:amethyst_golem, CREATURE
ars_nouveau:gift_starby, CREATURE
ecologics:coconut_crab, CREATURE
ecologics:penguin, CREATURE
ecologics:squirrel, CREATURE
